// Jest Snapshot v1, https://goo.gl/fbAQLP

exports[`that a bad request is returned for an invalid request 1`] = `"Bad Request"`;

exports[`that a chart is created when params are correctly given 1`] = `"iVBORw0KGgoAAAANSUhEUgAAAlgAAAGQCAYAAAByNR6YAAAACXBIWXMAAAsTAAALEwEAmpwYAAAgAElEQVR4nO3de3yU5Z3//9ckk4QcRAgEEctBohXaiGCFramC61elln6p9bAesKVVK1h+Ug+P8gWXVWtZoeyKB7664GJd6qG6P0W0olVbVmwbt4ALYkRQQTkUgShByIFJBub7x0ySmRwg4h1I4PV8PHxk5r7u+55rknHmzXV97mtCsVgshiRJkgKTdrg7IEmSdKQxYEmSJAXMgCVJkhQwA5YkSVLADFiSJEkBM2BJkiQFzIAlSZIUMAOWJElSwMJVVVUpG3Jycupv22abbbbZZpttttn2xdtCruQuSZIULKcIJUmSAmbAkiRJCpgBS5IkKWBNA1akgopI0A8TYdnCZ3hjXUXQJ5YkSWp3wnU3IhsWc9/9C1lfGWHw2GncUFwQbygv4ZbJ86lMOSyfsTOmU9w19WTlK+YzeU5Jw4asYUx74FoKqGL5y68R7TGC4YV5bfZkJEmS2oP6gFUb7UTRyFGwYAFkJO3RdSDXjx9PNCMDwtls/8s8nl7ahfycZs5GFOjPdbddQX40CuHOJGIamVmknleSJOkIVR+w8gqLGVVYwaeLFpC6mkNXBgypG6paw7R7dzB48Lkcc+uDfPTxVgAy+/XkmG+fAScAWd05qW9fGg1upTzcsienMe+d47lt+rX0Df45SZIkHVbh1Lu1RPez83/dcy+bQsdxybN/YE/S6ll73tvInvc2UvP1EETKmTxuKfmnnM91119K8oxgZjasW/Qr5i3ZwZg7fr7fcPX5R+/w4Q7o8/VTKei0v6fwOWvf+ZAK8vn6qSey310lSZIOgVZfRVjxzhM89X6I8zdFyGxhadLM1fuYkjOIabddS5/NrzFz5kLqytrDYXh34b3MfGEzXTb+hhEndOK2RZtTjv/8zRmEQiFmLCnjz7MHccYZg7jzj5ubPlCysj8zYNAZnDHoX/m0tU9GkiSpDTUJWOHm9mILj/7fN+hUlc2QPfs5WyzE3lUbyXonxg9+MAy2/ZX3yhuaszJygRpyTj8fgOmPvELy6X7/+BzgSkaNKOC0y17kN795iqtP677/Z1BwGq8+9RueevFqugN73nqIfqEQZ/9iyf6PkyRJaiNJASsCkWqiQLS6Kn4/YUvJ85QSorg8M+XgmuwaXvpKFatz40NaNRkxakKw+/d/5X/++12gDyckirGiUThp1ASmjRnMlk87c/XIwfDcf1A/QPX5m/z6oQ0UTRnDqcC21X/k4Yef58PyeD/eeW4GI0/tRygUIhQKcdV9byaO28bLTz/Mr19aze497zDhjAlsAP786Fj6nXotb34OsJnHbruKfoljQ6FTue/NsmB/k5IkSQn1Aat8xVOMm/gLlkag9Im7GTfun1mWmN/723sfQCyTwkajV3uyopR2qmFdYs7wox67uK9wJ3fVvssTK7O48MZL6ZXYNxyGmupqCobfwKSLTyGn7zAuPudTnnjhrfixi/9/XgVuuOQsACo2L+PPf/4t723dDZ+/xk8vnsKrpadw71MLmHfnT+lZl/VqdrDsuT/z6hubiQAnXxk/vm/vYq7636eSB6x9+g5+OP23bDjrZp5a8BRTrjkZatrgtylJkkTSjGDXIWOZO3dsszsNvXYW3Z/7J/bFUlNJ5505TNrZsF7DKVs685OsfezrlMFpz04nq76lK2Nnza2/VzjyFibvnED/h9fApy/ybz/9Bosfuxf63syF3zg2sVfSOhA1NewEYAufk8+YOx7k2rq2zMSeXSCr06ncdOMopvz2z/Q+bxx33zECgLc+q47vu/NzMnsO4+5HLm/9b0iSJOkLanWRe2a/ngfeKRai6550Tjj+K0nhqnknfvsfuACg9BmeWPQY//kcXHDTZZzY3M4FZ3HXlAuAUu684hx6hEJMeKj5GqvdNYmpzUhDGPzGZTfy0yKg9NdcXNyfUGgkj73lFKEkSWobrQ5Yx3z7jFaftFX7HjuCa+Kphwnf/SGvUsQ13zuzpZ35/t2vUL1pOfOmXAnAQxOm8trnzeyayFU79ySNthWcyYPvxFhfsoCbL+gLvMoP//mFVj8fSZKkL6LVAavzqGFkn9b/gPtln9afzqOGteqc3756TMOds8ZwbrPDV8Dnb3LbhF/w8qZMhv39sMT6WTnUlWElL4x6TJ/+9AVK732A+55bwuY98M5jtzFhxmNszfsaF15YHN/RBbMkSVIbaXXAIhSix21X7DdkZZ/Wnx63XQGhUKtOeeyZ3+fmxGqj11z//fqv1UkWn2qs4a2H7uTi4kEMuuBmNlDElKf+lRHHAmQmV2vR6ZSzuOnKIuBVbr54LG/vhorP1vDQlB9SPGgAF9z8Wyi6hhf/eUwzjyZJkvTlhWKxWAvLhrYgFmPXoqXs/v1yahp9VU7nUcNaHa6+uD18Xrab3RE45isFHHuAvT8vK6OGTAoKEnvu+Zyy3TWQvE2SJKkNfPGAJUmSpP1q/RShJEmSWsWAJUmSFDADliRJUsAMWJIkSQEzYEmSJAXMgCVJkhQwA5YkSVLADFiSJEkBM2BJkiQFzIAlSZIUMAOWJElSwAxYkiRJATNgSZIkBcyAJUmSFDADliRJUsAMWJIkSQEzYEmSJAXMgCVJkhQwA5YkSVLADFiSJEkBM2BJkiQFzIAlSZIUMAOWJElSwAxYkiRJATNgSZIkBcyAJUmSFDADliRJUsAMWJIkSQEzYEmSJAUsXHcjun0nn819iepV6wHIPq0/3cZ9h3BBl8PWOUmSpI4oFIvFYtGynWz6yX3s212d0ph2TDa9//0mQ5YkSdIXEKqsrIztnPks1X8qbXaH7LOL6DLpEgBycnLqt1dVVaXsZ5ttttlmm2222WZbvC0Ui8ViH182jb07dtOc9G7H0O8/pzbbJkmSpKYscpckSQpYGkD2oP4t7pB9asttkiRJaioNoNv475B2THZ8SzhGVeLawlCnDLqN/06LB0e2LOPJZ0qoaPNuSpIkdRxhgHBBF3rceQaz5rzE5theTt7Vje9v30vO0K8SLojx5JRxLNnRcNDgsdO4obiAqr8tZ8lrcP6lxeQdrmcgSZLUztSvgxU7Jp/Tv/89MhcsIPuKK+GBx6n58BMAaiuh94XXcc2QfKqj0Pm4gsTRmaknkSRJUkORe15hMaNGfoueWZB2XAGhTpnUfrKDvTviE4DdTjiJXn0LKSwspKC54aqyZUwbN45/e2PDoeq7JElSu9ToKsJaogBpaYRO6Q3AntV/gzCsnDeZcRNv58k31qUekpVNRmQdv5o6jx2Dx3DD8L6HpOOSJEntVYuze+kD+rDv7XXsefczrpj+AJfU7uKDJU8x54mZZPa4h0sH5MUPj7zDzClL2HnK5fzLDcMPYdclSZLapybrYNUlrrQBfQDYU7qBrKws8vIKGDLqxxRnQclf30vsFQUyyM2CyOa1fBQ5NJ2WJElqz5ICVgQi1USB2upq0k85Lr71/U3sLq+M396wlLcjcOKJJ8QPiQJZhUyYfgeDoyu59+ezWWfIkiRJR7lQLBaLAZSvmM/kOSVJTT3437VdGLhlMw/2raIysTW/aDS33DiKAqB8xSNMfhRmPHAtXSNrmP3zeynNLeaO6WPpdcifiiRJUvtQH7CS7d0XY3vVXmoefI7oq8vpNPZsQuedTkZ2Nwq6Zh2OfkqSJHUY+/0uwrSB8SsC09eV06tXL8OVJElSK+w3YKUPiAesPe9+DE0HuiRJktSM/Qas0PH5hDrnsre8gtqt5YeqT5IkSR3afgMWoVDDcg3vukK7JElSa+w/YAHpA+sC1sdt3RdJkqQjwgEDliNYkiRJX8yBA1bhCYTS06hZv5V9VXsORZ8kSZI6tAMGLLIyCPXvBbEYkTWbDkGXJEmSOrYDBywgbaDThJIkSa3VuoCV9MXPkiRJ2r9WBaz0UxIBa/VG2LevTTskSZLU0bUqYIW6H0uooAv7qvZQs2F7W/dJkiSpQ2tVwAKXa5AkSWqtVgesdAOWJElSq3yBEaykL36WJElSi1odsEIn9oSsDGr/9hl7d1a0ZZ8kSZI6tNYHrPQ00r/aG4A9725ssw5JkiR1dK0OWJBc6P5xW/RFkiTpiHCQActCd0mSpJZ8oYCVPiA+RRhZu5lYdG+bdEiSJKmj+0IBi7wc0r5SQKw2SuSDv7VRlyRJkjq2LxawcJpQkiTpQL5wwEofWLcelgFLkiSpOQcxgpUIWKUfQywWdH8kSZI6vC8csEIndIO8HPbu2E1028626JMkSVKH9oUDFqFQ/dWEThNKkiQ19cUDFpA20AVHJUmSWnJwAWuAhe6SJEktOaiAlX7yVyAtjci6T9hXXRN0nyRJkjq0gwpYZGWQVng8xGJE1mwKuEuSJEkd28EFLPziZ0mSpJYcdMBKd0V3SZKkZn35EazVG11wVJIkKclBB6xQ9y6Euh/LvopqajZuD7JPkiRJHdpBByxwmlCSJKk5Xypg1U8TlhqwJEmS6oSrqqpSNuTk5LT64LoFR6tLP0rZvr9z2mabbbbZZpttth3pbaFYrGmF+t59MbZX7W28uYlYdC/VV/0SIrX0W3A76cfmHvAYSZKkI92XmiIMhdNJP+kEIHE1oSRJkr5cwAIIueCoJElSiqYBK1JBZZOvF4ywY+snbN9a3mT39IHxOqzIfq8kjLBs4TO8sa7i4HsqSZLUQYTrbkQ2LOa++xeyvjLC4B/+kotOyweg6oMXmDnnlYYjug7mqpt/wlcT5VZpp/QGYM+aTZQvn8/kfy9p2DdrGNMeuJYCqlj+8mtEe4xgeGFe2z8rSZKkw6g+YNVGO1E0chQsWAAZSTsc04dRY/8PQwf1gU+XM3v6o7yxdCNf/fv41GCocy6hE7oT+9un1HzyOdCf6267gvxoFMKdKUicJzOLlPNKkiQdqeqnCPMKixk18lv0zErdIbPn4Hi4Aug+gN458Nn21JXb69bDimyqgKzunNS3L4WFhRT2LUg9WSLPLXtyGuOmPIKrZ0mSpCNRoxqsWqL72XnLG/NZWQXfKj41ZXt9HdamKogsZfK4cUyZ9QyNS64ys2Hdol8xb8kOxtx4NX0DeAKSJEntTfjAu8S9v+h+nlz8PmeOvZOzeqcOc9WNYGV+1IkH5t3Drs/e45n75zFzZph77rqIPCAchrcX3svSTTu5+LZ/YXivrGYeRZIkqeNrchVhc4nr/een8+TiKi6e8iAjBzWe9oO0rxRAbjbRst2kV0cp6DuUH/xgGGz7K+8lXXiYlZELRHh/zUdNziFJknSkSApYEYhUEwVqq6vj94Gaj17myTc202/kaPqFy9i+9RN2VCbati5n4aOPs2pzDekDelOTEWPXuxuACP/z3+8CfTiha/zs0SicNGoC08YMpnTBvcx+Zd2hfJ6SJEmHTP2AVfmKp5g8J7HEwpN38+6TPbj4rjvot/szAD5+5SFmJVZryB7yY/7P1WewZ/saVpa+SXTwKAYO6MNHW5dx328fgt8C5HPhjZfSq+6BwlBVXU3B8BuYVD2bmQtmMv+YOxhb3AtJkqQjyZf6LsKUY1atJ3L7PCq/WkD3qT+iW68CrLKSJElHo1YXuR9I2le/AqSR+8EOeuYf++W/g0eSJKmDCiwHhTplknZiT9i3j8jazUGdVpIkqcMJdKAp3S9+liRJCjZgpQ2ILx26Z79f/CxJknRkCzZgDawbwdoITWvnJUmSjgqBBqxQQRdC+Z3Zt7uK2k2fBnlqSZKkDiPYi/1CIeuwJEnSUS+wZRrqhAb0gZJS9ry7gWMuHBr06SVJkg6r6PadfDb3JapXrQcge1B/uo3/DuGCLvX7BB6wGuqwLHSXJElHlmjZTjZdfx/7dlfXb6t4/W2q3nqf3v9+U33ICnw90PT+vSAjTM3G7ezbXRX06SVJkg6bz+a8lBKu6uzbXc1nc16qvx/4CBbhdNJOOoF9721gz+qN5PzdgMAfQpIkHaFiMWK1e4nVRuM/o1Fi0b2Qsi3xX+I+tdGkbYntdcdEoynb6o4n+fy1qcdSv1+UWE1qH/ZFalrsevU76+tvBx+wgLQBfeIBq3SDAUuSpPYgFiO2L5YID9GUgNIQRhoFmyZhpOmxJIWW5GObni/1WBqFmrrb7Nt3uH9TgWiTgJU+sC/R5/7klYSSpKNDLEZs775E4Gg6IlIfKpoJFK0bTYk2H0ZaCERNAkyircOsUZkRJhROh3A6ZCR+htMJZYTjP8PpkBEmVnc7HIaMRHt6GqGMdGKJ7aGMpGPT48eRkV6/H0n7xcKp5w8l9qs7Pxlhah5YwN6/vNNst7NP7V9/u41GsHoDsGfNJmLRvfGOSpJ0MGKxlDCSGh5aGk1pOi3EwYymJKaGYjWpgahu6ig5THUIoVA8iNQFhnCYUHoasYzkQJEIGJlJgaQ+dKTX346HmzBkpkN6uL697md9ezjpfOH0xDnr+hAPL6FwerwP6emE0tPi/WynMq/5NtVvfwgVqXVYacdk0238d+rvt0nACh2bR+j4fGKf7KBm/VayvnpCWzyMJOnLisUahYdErUlNoxGRpJCRUu9S03C7vt4lqWYluZaGaKPgUxdMGu3XpOZmb8eYMgqlpzWMmtSNgITTIBEe6sNGItjUjarEj0lrNGoSbnbkhox0QumJ89WPyDSM4tSdO5aRCCp1wSmxH2mBX9sWmPYbqVKFunch+/7/j5pHX2Hf6o9IC8VHrtp8mYY66QP7Ef1kB3ve/diAJeno07jepUlNS+Npoobg0VJNS31ISQo1KW2Npp0OXA/Tgepd6kdNwknTOukN0z/hRFBJHoVJ2q9+tKb+fmJKKD09aToqLSXI1I3eJAee5FGchsCTCEPtaNSl/fTkyBTq3oWsn18OQI+cdNLTmv7G2yxgpQ3oA4v/hz3vbuDY73+rrR5G0tGoxXqXRjUozQSKA11d1PI0UuPwE23mfI0eo6PVu9SFi8SoS6i+ViVcX9OSvF9yvQsZYWJJoaY+qIQb1bskRl1S6l0ykkZ2EvUuocxEmAontrWj8CK1RtsGLFxwVOpwkutdmoSHZkZTWhVGWjma0sLl1A1TTB2s3iUtrX5Kp2EEJVHvEk4eaQmnjJi0WO+SHHjqRk8ywhBOS6l3qR91Sap3aZiuSqp3CYcJpYXabXhpn72SWqftAlafHoSyOxHdvpNo2eeEC45tq4eSOo59+1JHU+qndpofTWnx6qLENFHKaEqjQtz6epdGtTQ02i/5WKJ7O169S/30TkO9S31xbnK9S0bSNFJdvUtm3QhJUr1Lo6uXQkkBZb/1LuGGK42sd5HUZgGLUIi0gb3Z+z8fsGf1BvJGDGqzh5JS6l3q61NSi2lpvAhd3WhKk22N6mFSFrVLHtVp/rLp+hGaZi657rD1LslTQXUjJRlJ7XVTQ4n9UupdkqZ/Yik1Lan1LnXhJ6XeJTE601DvkhR+2tGoS/vpiaT2ou0CFvFpwr3/8wF73jVgdWiN610aXyGUfHVRC/UwX7zeZf+XXDc3xdSx6l2SrxDaX71Lw377q3dJHsWpq3dpUuxbv2ZM8pVMDaM81rtIUnDaLGDFynayL/Et058//yZ7d+ym27jUSxhFw1cCfKmrixq1NTua0rimpVERcEvrv3TkepeMpPVdkqZz6mtbkhaca6iRSS3iTal3yWy40qi+HqbxQnaJ6aL47bTUaaRwuvUuknSUCMViTf/Zv3dfjO1VB/+hGvt0J9U/+7/NLsKV/E3TbS6l3uXAoympC841HYlp/QJ2+1lNt/GKvh2o3qWh1iSp3iW5ODecNE0UblTvUhdk6updMpOmhJLrXZKmgkhPrpFpqKWJZabX96ej1LtIko5Mh3SZhppHX2kSriD+TdPbfvEEnUcNSw01SdNOKfUuKQvYRZtsa1oj06jmpqNMGSXXu2QmpnmS610SgSW53iVlCf+US59TF7JrqGlpCDn1VxE1s+Bdfb1L8pVM1rtIkvSFtEnA2vfuRy227XlvI3ve29gWD9tU3VcCpDeqd8lIniZKLuJNmiZKhI367ztKvpQ6nJ5yFVEsecG7pP1S610awkvK+i/Wu0iSdMRp0yL3ZmWFCX9rUNK6LA2Fto2vPKqvd0nZL7WWJqXeJanQ13oXSZJ0uLTNlz1//UT2/nlVs23pQ79G5s8uCeyxWgoqBhhJknS4tElVcOaPR0JedtOGvOx4myRJ0hGsTa4ihPiVhHXfNA2Q9rUTyfzxSELdXaZBkiQdGVq6irDNApYkSdKRrqWA5cJBkiRJATNgSZIkBcyAJUmSFDADliRJUsAMWJIkSQEzYEmSJAXMgCVJkhSwcFVVVcqGnJycw9QVSZKkjqe5LBU2UEmSJB285rKUU4SSJEkBM2BJkiQFrGnAilRQWdN0x5qdn7BlUxnJTTVbl/Pi8/9NVdPdJUmSjlrhuhuRDYu57/6FrK+MMPiHv+Si0/Lrd9r4Xw/y6xdXx+/kDOaaf/oJfTJhzycrWP4GFH/vm1jJJUmSFFc/glUb7UTRyFH0B8hI2mPr6/z6xdWcOXYad95zJ2dkreTX8/8Ub0vPADIaUpokSZIaAlZeYTGjRn6LnlmpO7z/lz9C5pmcPagrUMC5l5wJaxbzfmWjM326nDm3TuCpko1t32tJkqR2rFENVi3RRjvsrY7AsZ3r70f3RIFKKmsTGzI7Ea5Zx7zpj/J50RVcUdynLfsrSZLU7rVudi+zpWnAMNS8yyO//BO7Ci/j5z8+O8i+SZIkdUhNriJsHKTSs7Og7LP6ka1wpzCQRacMgCgQJjsLaj/5gM3NXH0oSZJ0tEkKWBGIVBMFaqur4/eBrw4bDjVvsvSDCqCcP738JhT+LwbmAnuBzEKumjqVAdGV/OaOB9loyJIkSUe5UCwWiwGUr5jP5DklSU09uPiuOxiUC+tfvZ/fvPJ+fHPO1/jh5An0z4Vdq/6DWb+FW6b/iM41a3n8jgf4MPdMfjr1anochicjSZJ0KPXISSc9LdRke33ASrZ3X4ztVXtTttXsLGPnHujSs4DMtuunJElSh9FSwGr1ElaZXQoclZIkSWoFv4tQkiQpYAYsSZKkgBmwJEmSAmbAkiRJCpgBS5IkKWAGLEmSpIAZsCRJkgJmwJIkSQqYAUuSJClgBixJkqSAGbAkSZICZsCSJEkKmAFLkiQpYAYsSZKkgBmwJEmSAmbAkiRJCpgBS5IkKWAGLEmSpIAZsCRJkgJmwJIkSQqYAUuSJClgBixJkqSAGbAkSZICZsCSJEkKmAFLkiQpYAYsSZKkgBmwJEmSAmbAkiRJCpgBS5IkKWAGLEmSpIAZsCRJkgJmwJIkSQqYAUuSJClgBixJkqSAGbAkSZICFq6qqkrZkJOTc5i6IkmS1PE0l6XCBipJkqSD11yWcopQkiQpYAYsSZKkgAUYsCKsWvQsyz6qCO6UkiRJHVA4/qOcRyZOZmkktbHo6ju5dEhByrZdqx5n1vw3GzZkDmXi9B+RTxWrFy8m2mM4Q0/Ma+NuS5IktV+JgJXDeT+9kdOjkEGYfdv+woP/uZQuednNHBIFTuTim/6BLtFaCHcmv+5kmQ1nlCRJOlol4lAWfQcU0ReACL9beC/ZQ37MeSe3MBKV2Z1+vfvQeT+nXPXsdBa8dzzXT/0RvQLvtiRJUvvVpAZryxsP8+Km/lx59RktHBKGmmXMunUC9z70LBsrG7V2go2v/isLSsoZdd2VhitJknTUCcVisVj9vYoVTLl1DsdfdTuXfeO4Fg6JUFNZS8WONbz68KOsyR3JpMmjyaGchf80lbVde1D9t52cd9MMzuqddWiehSRJ0mHQIyed9LRQk+0pI1hvPPooO3KLGXP2/sadssjMzSO/9xmMvmwolC3jw50NrZkZuUANH3/4cTA9lyRJ6mAaAlbZGzxTGqHoovPpkrRDzdblLHz0cVZtil9iWFNZQQ0AEd59azXQh56JA6JR6H3eeCZeMpgPX3yAx/9r3SF6GpIkSe1H/TV/5R9/QIRcvnFqL6Bh1nDP9jWsLH2T6OBRDOqdxbrn7uLpFXWFV/mcdd1F9Kg7WRj27Kkmv/gnXBN5kF+/OIuFeVO5aOjxh+4ZSZIkHWapNVgJe/fF2F61t4VDKtjxaTXRKHTpWUBmG3dQkiSpvWqpBusgVq3KI7+7C4lKkiS1xO8ilCRJCpgBS5IkKWAGLEmSpIAZsCRJkgJmwJIkSQqYAUuSJClgBixJkqSAGbAkSZICZsCSJEkKmAFLkiQpYAYsSZKkgBmwJEmSAmbAkiRJCpgBS5IkKWAGLEmSpIAZsCRJkgJmwJIkSQqYAUuSJClgBixJkqSAGbAkSZICZsCSJEkKmAFLkiQpYAYsSZKkgBmwJEmSAmbAkiRJCpgBS5IkKWAGLEmSpIAZsCRJkgJmwJIkSQqYAUuSJClgBixJkqSAGbAkSZICZsCSJEkKmAFLkiQpYAYsSZKkgBmwJEmSAhauqqpK2ZCTk3OYuiJJktTxNJelwgYqSZKkg9dclnKKUJIkKWAGLEmSpIAdMGDVbF3Oi8//N1UH2lGSJEkAhOturJh/O3NKttU3ZBT9gH/88TfZ88kKlr8Bxd/7JlZrSZIkHVh9wCJaAb0vZNI1Q9hXWcuujO7x7ekZjXaUJEnS/tRPEUaBrG4nUNirL/0LC+nVPa/p3p8uZ86tE3iqZOMh7KIkSVLHUh+wwuEsIivnMW7cRO777RvsSt4rsxPhmnXMm/4onxddwRXFfQ59TyVJkjqIUCwWiwEQiVBRW8tnHyzh/jkv0Gn4RG783insWvU4s+avpVvODnYdfxk//+k5ZB7mTkuSJLUHPXLSSU8LNdnecBVhVhZ5eXn0HTKKMcNy+Wz5ssQoVhQIk50FtZ98wOaaQ9VlSZKkjqk+YFVUVMRvRDawdGUl9OlLZ4C9QGYhV02dyoDoSn5zx4NsNGRJkiS1KHFxYDnP3j6ZksrE1vyvc/llZ8dvpwNEiXI8V/xiIo/f8QC/nvk4P516NT0OQ4clSZLau/OvgGsAABCvSURBVIYarIpyynZVQ0Y2+d26sL1q72HumiRJUvvWUg1Ww/JWeV0pyOsKwN59sUPWMUmSpCON30UoSZIUMAOWJElSwAxYkiRJATNgSZIkBcyAJUmSFDADliRJUsAMWJIkSQEzYEmSJAXMgCVJkhQwA5YkSVLADFiSJEkBM2BJkiQFzIAlSZIUMAOWJElSwAxYkiRJATNgSZIkBcyAJUmSFDADliRJUsAMWJIkSQEzYEmSJAXMgCVJkhQwA5YkSVLADFiSJEkBM2BJkiQFzIAlSZIUMAOWJElSwAxYkiRJATNgSZIkBcyAJUmSFDADliRJUsAMWJIkSQEzYEmSJAXMgCVJkhQwA5YkSVLADFiSJEkBC1dVVaVsyMnJOUxdkSRJ6niay1JhA5UkSdLBay5LOUUoSZIUMAOWJElSwFICVnnZFrZs2ULlQZ0qwqpFz7Lso4pAOiZJktRRhQGIlPKribNZX785n3PG38I5J3dtcsCuVY8za/6bDRsyhzJx+o/Ip4rVixcT7TGcoSfmtXnHJUmS2qt4wOIYzhwznuuHD6ErZTxx+1Re//1yzjn5/GYOiQIncvFN/0CXaC2EO5Nfd7LMhjNKkiQdreJThFl9GT58CPHxqgJOLcyF7dvY1dJRmd3p17sPfU4spE/vgkaN8YS16tnp3DntP9jSNv2WJElqt5oWuW9YzL+XVNLv3OF0bvaQMNQsY9atE7j3oWfZ2KhgK9wJNr76rywoKWfUdVfSqy16LUmS1I6FYrFYrO5OeelCJs9+md7njefaC09t4ZAINZW1VOxYw6sPP8qa3JFMmjyaHMpZ+E9TWdu1B9V/28l5N83grN5Zh+hpSJIkHXo9ctJJTws12V4/glVe+gyTZ7/MiPHTmHLJ4P2cKovM3Dzye5/B6MuGQtkyPtzZ0JqZkQvU8PGHHwfXe0mSpA4kHrAia3h49mtwymjOPznMli1b2P5pfLmFmq3LWfjo46zaFInfr6ygJn4Q7761GuhDzy7xk0Wj0Pu88Uy8ZDAfvvgAj//XukP+hCRJkg63eEV61W52Aqx9gam3vhBvyTmTW355NWxfw8rSN4kOHsWg3lmse+4unl5RV3iVz1nXXUSPupOFYc+eavKLf8I1kQf59YuzWJg3lYuGHn+In5YkSdLhk1KDVWfvvhjbq/a2cEgFOz6tJhqFLj0LyGzjDkqSJLVXLdVgHcSqVXnkd3chUUmSpJb4XYSSJEkBM2BJkiQFzIAlSZIUMAOWJElSwAxYkiRJATNgSZIkBcyAJUmSFDADliRJUsAMWJIkSQEzYEmSJAXMgCVJkhQwA5YkSVLADFiSJEkBM2BJkiQFzIAlSZIUMAOWJElSwAxYkiRJATNgSZIkBcyAJUmSFDADliRJUsAMWJIkSQEzYEmSJAXMgCVJkhQwA5YkSVLADFiSJEkBM2BJkiQFzIAlSZIUMAOWJElSwAxYkiRJATNgSZIkBcyAJUmSFDADliRJUsAMWJIkSQEzYEmSJAXMgCVJkhQwA5YkSVLAQstXl8UOdyckSZKOJKFYLNYkYL313qd8Y2D3w9EfdRC+RnQgvkbUGr5OdCAd9TXiFKEkSVLADFiSJEkBM2BJkiQFzIAlSZIUMAOWJElSwAxYkiRJATNgSZIkBcyAJUmSFLDUhUYjFVSQR15W6k6R8i1s3QU9+/aiUZM6mEh5GZ/tqiW7Wy+65jVtL9+yhV1k0K1bQZPXgY5OFWVl7KqtJbtz868ZHcVa+MwgUs6GrdV07tmLrr6PHOUilFdA16PwAyUMENmwmPvuX8j6ygiDx07jhuKCRHOEkvn/wvySTfG7Wadw4923UHSAN9nyFfOZPKeEEeNncNWQromNJUz55XvcMutaCvZ/uNpEBQt/dSsvr2/YMnj0zdwwakDiXhkLf/VLXl4fSdzPZeyMWRR33d85y3lyymSWZIxgxl1XUbfrsn+bwvLTbkl6HamjWvHILcxZWll/f/Dlk7jh3MIDHFXOk7dPZsm2pE25vRnx3Uu56twBLR6ljqPlzwyoWPcKt89cQPxVk8vFk+5iZOEBPjQqlnH7rfNIeckcV8R3r7qacwfs901I7VVkHfP/ZR4lm3aQO3gss24orm9a9sgtzEt6XwHIH3Yd068dup8Tdrz3lTSA2mgnikaOoj9ARkNjZM2zzC+pZOwdc5k7dxojuqxl9oOvtPrkS+Y8zJpI0oZoTTC91kHpe+YYbpvxAHPnzuW6Ecex8oWX2JBoWzF/Oi+v78fN98xl7ty5TLvtZwzMaeWJty3h4YVrUjZFA+25Dpd+F/6MaYnXxNhhuax8+nXKWnFcbQVQdDHT7pnBbZNuZPTJNSx5+l5mL95wwGPV/rX0mQEbeHTmAvLPH594n8ljwczH2NKacwJFF9/MPTOmMenmsZxcW8rT997B4g2RAx6rdqgWeg45hxH9gcyUFwknnXc948ffyI033szNN15OPpDb7ZgDn7KDva+kAeQVFjNq5Lfo2WgE76M1a4A+nNwLoIDR3y+G9a+zoqK1p1/PQw8vTrqfmfhZQcmTsxg3bhzjxo3jll89yboKKCt5hIlTHmn4n7F8GbePu51l5Qf57JQkjyHDh9M3MV4/cFAhUMb2ciCyhkUllQy+7gcMyCinrKyCgr59v9DQ/vqXH2ZxM++ikQ0lzLplXOJvfQtPvrEO2MIjUybySEnDAcvm387t85d9qWeo4HXt1ZeCxOBDBlE4riedW3lsbk4+BXld6VtYxKgb/pHR/aF04R/iAS2yjvnTJsZfFxN/RcmWxIdoZAPPzJpS/94wxddEu9TSZ0ZF6V8oJZeR3x4CwNBLvk8uK3m99MAfGhEgJ/848roWUDigmBum30x/Irz4h1Xxc294g2kT46+LidOerP+ciGwoYfaUifWvmfkr/MBoF/IKGTlqJAO75zYZW+nadwBDhhRRVDSAjA9L2JE1jHEXtW4UqiO9ryQVudc2GXXoll8AVLMrcX/bls+ACNW1BzhrNAq5Ixg/ZhiR0qeZv6wCcgDiv+UNrzzI/CWbuXzSDB64ZxJf37aEmfctovPAQYR3LOX10vj/IGv++Du25Q7gJEeIA7aBRx8ugVPOYVBXoGo3lcDKeVMZ9/PJTJ16K+Nun8+6VvzDsboSiq8bz7DcSp6ePZ/Ut7Z1PHj3fDaffDkz5j7ApDFfZ8kTM1m0rhuDTgqz9JnXqQCIlPK7km0UDjqpDZ6rvpSKNTzyq2ncfss45i2FMeNHHWQdZhbF5w6DyLt8UB7hlftmUpIxkgfmzmX8N3cyf/bvqCDCK/fdzWtruzBm0jTumXEH48/3NdF+Nf3MqK2tBvLJrhuwqIrvUV1d3cpzJp9xAOcOy6Xy7VWUsY4H736CjJE3M3fuNL5ZuYTZz5RS9x5TmvtNJs24hxl33Mb5/Vo79K5DYb+zGVsWM/PlTYz+2dUHWTrUvt9X9nsVYcHp51OUu5aZ425h2rQpzHxhLbTm7TUMVFZz8vBrGd0fSuY9zJpdGWSEM4EIpcvWkzX4Us4t7EpWXiGX/2AYbPorH2QM5bv9YcmiFcAWXnptG0UXnYP5KkDlpcwadzelPc5n2i0j43/NxJth/rAxzH1gLnNnjKf3thJeeqs1k0FQFT6Za382GnaU8PArawjnxE8YWfcOa8ni0ivOpStZFA6/mOIs+OuKDxh64UioXMJfyqDsL6+yjcF8Z4h/6XYn7yucM2oU3/7uhfTPivDMYwv5cuMDWWTHPmLlemDbCh6cNYtX39kBO8qojnzEsvXQ+8JLGV5YQF7XXvTt5Wui48mIF/cGJTeb2Lp3iL9knmfWrMd4Zwfs+GQXkTXvsBa48MpLKOyaR9defellVX0HUc6Ts5+GojGMKvyyf7P2+b4SbnwnZSQvbwA3znqAdaWrqc7+CtkbHmPm03BCK/tWC4yaMJ6/3jqHh2bvJJxVCNRSXUOjOdkwUEstMGzUCJ6e/TqLXlnLWvozaXivL/H0lKJiBdMmz6FmxHXMvSq1mDACnPZ3p8fvdO3H8cDb730MrSlUj1ZD31GMH/FX5ix4mEX5UY4/GWpro0CYjEZ/6tqaWuj1LUbkL+D1lxaxec1aeo+e5MUP7VIehUVDKGQI3+jxORNnL+a98osOcPFD85b+aSnkjuDk3CiLgPyvD+WC0/Opjp7NBdk96MxugNTXi9q1xp8ZGRnZwDZ21xL/t3hOmCwgHG5t5ErebwN/WlpJbvFAcmrjNTZfLz6X04+B6Nlnk93jJGqrt8cfN9BEpyC19KfZ8sbjLNmRz3X/OPxLnb89v68kRrAiEKkmCkSrq+L3E9vLy6GwaAhF+dt4/um1HHf+BfQFIluWMf/f5rPsQAWIeUO4cewwItu2URmBMHkMOb03kaWvEJ8qL+cPi0rguL/ja3mQV3QOg7O28cKClRw34gIOdL2SWivCogfnsIlT+IfzT6Jsyxa2bCmL/6XzBvG/ekPJwj/ERyfKP2QDcNrpJwERli2cz/yFyzjQjOGQq+JThZt2RCAD8gYU0ZtKfvf7FQCUl/6Rkkr4xuknA3mcc+FgdpS8wNIdxzFqhH/p9qhswxbqqmdWrdkEdKFzDrTmdRGt2k1FJEJ5+QYWP3I7C9ZC8ZXnk5d1MkP7w44Pt3LM14YydOhQ+h3XGRLb17/yPCvKKuKX+m+xnqZ9av4zI6/oW5xCJYuXxC96Kf3dInZQxDlDukJkA4vmP8LCZc0XJGcBVbt3EIlUULZhBfNvv5u15HPl6CHkDTiVU4APP6rma0OHMnToII7rnFG//ZVnX2ZLJL6k0JZyi+LbiwiR+IBKtJpIyjvFFp5/phSKLmRoXuoRR9L7ShigfMVTTJ5TEt/yxN2Me+I4rrvnLoayil9OnkfdxZT5gy/nHy8tAqBq22pKVpYQPWM0Q/s2M7yXtKmg+Gouf+ttnv4ofr/wonGMXj+dOZPHxTfknsL4KRclDunF35/bn5Uv7+S884cE/oSPXlV8uhNgLbOnTk5sy+e6GdMZ2jWLURPGs/aOOUwe9zIAxw0bw9VDugLlrH6jhBJg9EVDm0wQp/4LthfX/uxy3r776cT9AUy48UJ+OXsO416LbznlwvFcOiD+f1Svvzub/k+sZNvgbzPE9ZXaoXJeu/8XLEm6mnrY5ZMoygKo2u/rIiMPIqVPc+vExGshtz+X3ziNc4vi45QjJ0xi68yZ3D0x8b6TW8yMWWMZOeFmNv/zvcyZemt887DrmLXfS7d1OLT4mZHXl+tvHs1t997LuBcgvkzDTfQFqN3On0uWEokO4qKhfZucMwMofXomdS+Z/P7F3DhtLEVdAQq5ftLl3DfzCSYufQJoeG1cP+liZs5cwC8mxt+7hl03g2uHOk142FUs485b57EDgCeYOO4JisfPYOyQrlD+Nz6IwLBvDmx00JH1vpK60GgzIhXlfLarGrI70yvgVQYjFeVU1WbQ1dUL24kIZVs+g+zOFAT6N4lQXl5FRk5XFy/tcCKUl+0iCoQ7FwS+aGRFeTm1NH0PqCgvpzYj56hcnPCIEClny2fV8QWNA/0Txt9LaPLa8D1GDdrL+8oBA5YkSZK+GL+LUJIkKWAGLEmSpIAZsCRJkgJmwJIkSQqYAUuSJClgBixJkqSAGbAkSZICZsCSJEkKmAFLkiQpYAYsSZKkgBmwJEmSAmbAkiRJCpgBS5IkKWAGLEmSpIAZsCRJkgL2/wAJzo0MqPZ2OwAAAABJRU5ErkJggg=="`;

exports[`that an empty ok is returned for a blank request 1`] = `"iVBORw0KGgoAAAANSUhEUgAAAlgAAAGQCAYAAAByNR6YAAAACXBIWXMAAAsTAAALEwEAmpwYAAATwUlEQVR4nO3dbZCV5Z3n8V+H7gZCQzD0YtKGEcyIEzJGR0E2WRVNJMHBzbiOD5HEmYqLWrvZWjfuQyWOW+q+wKnJVGYrVRsrTnQq2RUdI6gpCWZ9iAilQZyZdsyQEXxo49gG96AUNHYD3Z59QQuogE38ZzDy+bzpc59z3edc57z61nWuc3dLs9lsBgCAMu872BMAAHivEVgAAMUEFgBAMYEFAFBMYAEAFBNYAADFBBYAQDGBBQBQTGABB2ggax+8N8vufTi9Awd7Lr9+A73dWbZsWR5e23uwpwL8Bmk92BMA3i02Z82y27PkjvvS/U8vp6OjI+3tE3PYhzoz7ZhjM/OUz+W0GZ1J+nLntVfmjr6OLFr+k3SNOdjzPjADzz2Y7935eA477uycf9qRbzu+b92PcvXVSzN+/nX5ybVd/wwzBN4LBBaQ9D6YKy7+r3mosfs/ZzUajZ031iWrH7ovy3on57Rr5yZJxk1K0jcpbf/8M33H+p59OH/5v5dm/MszRhRYaW9Pkkwa/Zv4boGDxVeEcKgbWJOv/MHuuJp90VVZ8sCqrHrgniy55bu59qsXZXZny0ENjM3dN+XcWbMy7ys3Z/OIzmjk5ivOzaxZ83JT9xvPaB83KZ0t4/N7XRNHNB7gV2EFCw5x3d/7TlYP/8/3M/7b9/On588YfmRMjpzQmSOPPj7zv3j5Xs/dsevWQAYGkjFjfj3fF7bveDk9zWZann5xpGek8Yvn0mw28/Krb3xkwqzLcs+ay0Y8HuBXYQULDmUD3fn+dx9PkrTM/mqu2RVXI9GecWlk2aKv5PRZp+Tkk0/OrHlfybL1b1oBaqzJd66+IufOOz0zZ87MzJkzc/q8hbl5zZ6bxhu5+WsLcu7CRenu7c6fL5yXmTNn5txFD2btbYvypf++LEnSbNyaixcuzIIFX8uafS00DXRn0cKLc+dzOw//+k8uzsKFC/K1m9YkSTZ335wF887ddfx24/dnzc2Lcu7ps3a9r4WLbktjZB8e8B5nBQsOZds35RfDNy8473M5kPWnZnNdLj/vzDS37N631WyszjULrsm0Nd/M66nW+Lu785fLHkpLy/hMnT49fevXp9Hozv/89/8xRyy/Pad17hz34lPr09OzLgs/v3TX8/Ul2fTiz9LT2LLrvp7u7rS0TM2m7ft6T6/mZ48/ly3Dq3LNLT3p7k6mHrV1+OEXs67Rk5d/uXVE4/fl3kXn5utLe5Ik04+fnhcfX5/upX+W8xrJ8m+ef0CfJfDeYwULDmED//RCNiZpaZmamb/becDnN7c0M/uia3PPY4/lge9/NeNbWpKszbrndo/pmHp6rrru+1m55ie5ffHi3HP/t3Pq+JY0mz15+Ge7V7H23OF1zlXfzarHVuXOK07Lpy5fnHv+/AtJkpbOc/LDxx7LmjW3Z+6+pjvhU1m85q58YWpLkmT+dT/MY489ltuvPO0NwzoOcPyeNnfflK8v7UlLy/RcdcuqLP7u4vzkrm/k+JaW9K28Pj9cfwhcvwLYL4EFh7C+l3av3Pwqjr/kW/lfl89PZ5IJMz6X+UcmzWYja5/dHU5jjj4tZ8+dsXtFZ8IR6Zq07+c846pbcuXZx2dMxmTXlq724b8d7btu7l/7rmAb2d78Axv/tz/60c4bx52Rk6ZsT29vbzZ3HJGjJiXN5pY81fPyiGYJvHf5ihAOYZ1HzEhnyx3ZmD03rI9MS8vUfOnCT73hvr23yUC6712SW+9cltWPrt9v0LW0TM+8Tx+97xftO8BJ/pq0D1+6odn97Xz+5G+/dYArOsAhT2DBoezwielI0mj2ZPkD6zP3/P3Ezd7sax/ULgO57Yoz82cP7dxDdfwZX8jpJ3wwD19/fVZv2VtobR/Bc757tLRMzwVfOiHbt+4x6W3JjMkd+z4JOCQILDiUTZiWj09KehrJyutvzPrz/zQHmFj7NbB+Sa5f2ZeWlum5ZvFNmX/0mCQD6bvz+qze8ranv9W7pFu2bx8OquPm579c/sWDOxngXckeLDikHZnL/vPvJ0maW+7LggWLsuYt1xkYyNp7b8537lx7wM/e98Lre7w+lCOOHt5Q1bsyK9bvvNnePsJien2BqG/7iBe4Xv/Kc9sIv/s8kPEnzN15Rftm919k0bI3fy4DscUdsIIFh7iuuV/PtWvW5+ql69JctzT/bt7STD91fk7oGp3Gs8+k+9HH02g203LGdbns7P1fJ+vNbdL5u7PS2XJHGs2HcsnpC3LSjGT16nW7Hl/2zWvyW7k8539q3H6ft2PyB5MkzcbSXLxwc049alrO/g+XZcaEfZ6RDw9fqP1HV16cbatmZ9pJF+Sy+fua/4GNnzDrslw7/95cvawnS6/+o9x786mZf0JXGr3/mNUrH8+pi+7KtXP930I4lFnBgkPemMy/cnFuue6STB+/81IF6x5alltvXZr7Vnen0Wymc+rs/KfPf/xN573193xtw3eNGzd8o3Nuvvkn/yZJ0tyyLqtXr0vn7Ity3XWXZHxLS7b0PJRv/HjdHs+w998Ijplxcb51yalJkkb3fbnjjlvzwn6Xssbki//jG8OXg2jkvmXLcuujL+xn+gc6Ppl/7f/Jt746P50tLdmy7qHceuutue+h7vRlUo6cOLLfOgLvXS3N5jv4jTbwHjOQ59b/Y174fzsycWJbtm9vz+SPHJWuznd42czNjazf8ErGHXZ4ujp3LjsNNJ7L868kh085MhNG+PQDjd5s2J60pT1dXSO5btdAep/bkLS1pf2DXXn7t3Gg45Nkc55bvyHb29szbtxhu94fcGgTWAAAxXxFCABQTGABABQTWAAAxQQWAEAxgQUAUExgAQAUE1gAAMUEFgBAMYEFAFBMYAEAFBNYAADFBBYAQDGBBQBQTGABABQTWAAAxQQWAEAxgQUAUExgAQAUE1gAAMUEFgBAMYEFAFBMYAEAFBNYAADFBBYAQDGBBQBQTGABABQTWAAAxQQWAEAxgQUAUExgAQAUE1gAAMUEFgBAMYEFAFBMYAEAFBNYAADFBBYAQDGBBQBQTGABABQTWAAAxQQWAEAxgQUAUExgAQAUE1gAAMUEFgBAMYEFAFBMYAEAFBNYAADFBBYAQDGBBQBQTGABABQTWAAAxQQWAEAxgQUAUExgAQAUE1gAAMUEFgBAMYEFAFBMYAEAFBNYAADFBBYAQDGBBQBQTGABABQTWAAAxQQWAEAxgQUAUExgAQAUE1gAAMUEFgBAMYEFAFBMYAEAFBNYAADFBBYAQDGBBQBQTGABABQTWAAAxQQWAEAxgQUAUExgAQAUE1gAAMUEFgBAMYEFAFBMYAEAFBNYAADFBBYAQDGBBQBQTGABABQTWAAAxQQWAEAxgQUAUExgAQAUE1gAAMUEFgBAMYEFAFBMYAEAFBNYAADFBBYAQDGBBQBQTGABABQTWAAAxQQWAEAxgQUAUExgAQAUE1gAAMUEFgBAMYEFAFBMYAEAFBNYAADFBBYAQDGBBQBQTGABABQTWAAAxQQWAEAxgQUAUExgAQAUE1gAAMUEFgBAMYEFAFBMYAEAFBNYAADFBBYAQDGBBQBQTGABABQTWAAAxQQWAEAxgQUAUExgAQAUE1gAAMUEFgBAMYEFAFBMYAEAFBNYAADFBBYAQDGBBQBQTGABABQTWAAAxQQWAEAxgQUAUExgAQAUE1gAAMUEFgBAMYEFAFBMYAEAFBNYAADFBBYAQDGBBQBQTGABABQTWAAAxQQWAEAxgQUAUExgAQAUE1gAAMUEFgBAMYEFAFBMYAEAFBNYAADFBBYAQDGBBQBQTGABABQTWAAAxQQWAEAxgQUAUExgAQAUE1gAAMUEFgBAMYEFAFBMYAEAFBNYAADFBBYAQDGBBQBQTGABABQTWAAAxQQWAEAxgQUAUExgAQAUE1gAAMUEFgBAMYEFAFBMYAEAFBNYAADFBBYAQDGBBQBQTGABABQTWAAAxQQWAEAxgQUAUExgAQAUE1gAAMUEFgBAMYEFAFBMYAEAFBNYAADFBBYAQDGBBQBQTGABABQTWAAAxQQWAEAxgQUAUExgAQAUE1gAAMUEFgBAMYEFAFBMYAEAFBNYAADFBBYAQDGBBQBQTGABABQTWAAAxQQWAEAxgQUAUExgAQAUE1gAAMUEFgBAMYEFAFBMYAEAFBNYAADFBBYAQDGBBQBQTGABABQTWAAAxQQWAEAxgQUAUExgAQAUE1gAAMUEFgBAMYEFAFBMYAEAFBNYAADFBBYAQDGBBQBQTGABABQTWAAAxQQWAEAxgQUAUExgAQAUE1gAAMUEFgBAMYEFAFBMYAEAFBNYAADFBBYAQDGBBQBQTGABABQTWAAAxQQWAEAxgQUAUExgAQAUE1gAAMUEFgBAMYEFAFBMYAEAFBNYAADFBBYAQDGBBQBQTGABABQTWAAAxQQWAEAxgQUAUExgAQAUE1gAAMUEFgBAMYEFAFBMYAEAFBNYAADFBBYAQDGBBQBQTGABABQTWAAAxQQWAEAxgQUAUExgAQAUE1gAAMUEFgBAMYEFAFBMYAEAFBNYAADFBBYAQDGBBQBQTGABABQTWAAAxQQWAEAxgQUAUExgAQAUE1gAAMUEFgBAMYEFAFBMYAEAFBNYAADFBBYAQDGBBQBQTGABABQTWAAAxQQWAEAxgQUAUExgAQAUE1gAAMUEFgBAMYEFAFBMYAEAFBNYAADFBBYAQDGBBQBQTGABABQTWAAAxQQWAEAxgQUAUExgAQAUE1gAAMUEFgBAMYEFAFBMYAEAFBNYAADFBBYAQDGBBQBQTGABABQTWAAAxQQWAEAxgQUAUExgAQAUE1gAAMUEFgBAMYEFAFBMYAEAFBNYAADFBBYAQDGBBQBQTGABABQTWAAAxQQWAEAxgQUAUExgAQAUE1gAAMUEFgBAMYEFAFBMYAEAFBNYAADFBBYAQDGBBQBQTGABABQTWAAAxQQWAEAxgQUAUExgAQAUE1gAAMUEFgBAMYEFAFBMYAEAFBNYAADFBBYAQDGBBQBQTGABABQTWAAAxQQWAEAxgQUAUExgAQAUE1gAAMUEFgBAMYEFAFBMYAEAFBNYAADFBBYAQDGBBQBQTGABAL8WfRs3pb9w3G8SgQUA7N2O53P3LXfl6f7dx8tvuXvncf+TWfqDFenb58mbsnLJkqzb94ADHPebRWABAHs32JcNWxrZPjR8vK0vvVs27Dxu7czHP3FURu/n9NbRYzJm1Nu/zEjHvdnTD/wg9z757iyz1oM9AQDg3ep9aU1r3vd6/IzaeZwkGWzkH/7+lznimCnZ/OSq3L1ibQZHj8uYwcF85LQ/zJyPtmZUBvK3y2/JisaWjOo8Nhec88mM3vR0frzswfRuHcqo8cfkggtP3Ou4jv6eLF18f17JUPL+Y3L2hXMyqf/p/OC2n2YwWzM08Yhs2/BKhp5anKW//EzOOXFU7r5rRTYObEv7tM/kwk9/dI/3sSNPP/Lj3P9Eb5JR+e05F+TTx2zLI3fdkyc2DCRpzYw5Z+XkYybl6RVL89OXhjL4yivZNn5KTpw6lL95ojcZNy1nnz83k9tG9skJLABgn1qzLatu+15+miSD27It43Z+/TX0Wvo3v5rBvJRVK9bmo2delJOnJI/csjibtg8maU0Gh5JJJ+XSf92eH/zVA3m275N5bcX96f3A7Hz5i8elbceOJNv2Ou7YjiNy5h/924xteyl33bA8vX1zMmnUYF7dtjUzzlyQWVM68vPlN+fpj8zLWcdOSt+Td6d366T84aVnZdKb38TGtbn/iQ2ZffaXc9zktuzYkWx8/P488epRuejST6a1d03+6u4HctQx52Vw+5ZszYxcdOncrLrxtnRvnJ0vX3py7rvxrmzYFoEFALxzgxmdk/7gj3PsxCSbfp4bb3s0r+16tDXp25hGRud3OscmST7cOSYbh88cah2X40/6aNLWl4mjW5NsSu+GZNpnp6ctSdrakmzdy7hkx6Zn8uDyx7KptT2vpjXTk2TotbSOnpaPTelIMrzPqXXn8lrHUSflmH9YniU33JCu3/tszpo1ddcs+17qTUZNy/ThOmprSxq9jYzq/J2MTZLDJmR0NmdjX9I+2Jopn/jYzvuT/NbHpqctQ2ltPbBksgcLANivXW0x+n1vWpkZTDo+kMOyLb/s3Zj+l36eNc9uzeg96mJwaM/xE9PVmfxifc/w8Y59jEueWrUiL3WdmgvPOzOHJ8nrX1MODmZw+OZrQ8MrZUmSwzLnnD/OpWcdm96/eyTP70j6Xno+z2/sS8fkycnQ8+nZNPyqO5LDJh+WoS3D+7e2DWRb3p+JwxvKhl57/RWSwTdPbISsYAEA+/TmUHjDcWtrkq7MmTMj99y/JE+N78rh40dl8LXs04w5p2TdkpW54cZHk6H3Z86CuXsdN/nIadn2yPLc2DMu7x+9NSvvfiRTz5y4R+0lH/jwpPSuXJy7Nn02n5n8TBbf/2xGjxrK+CmfzIfakmf+ZnlWDJ2SS8/6RE455pmsvO2GPDoqO/donfIv89vrlueGG7uToaFMOfHMTGlLnszulhv1DiqppdlsNn/10wGAQ92ml3qT8f8i44ZeyJ2L/28+fNaXc3LX/jcr9ff3p3Xs2Oxv1I7+vgyO7cjY7Eh/fzJ27FtH7+jvz2Dr2IxtS7KjP32DrenYy7jhwekfbH3D8/T39yWtHdnXKb8qgQUAvCPPr7k7D/z9xiSt6Tr+X2XuiVMP9pQOOoEFAFDMJncAgGICCwCg2P8HvAd0etdZOvIAAAAASUVORK5CYII="`;
